// Vitest Snapshot v1, https://vitest.dev/guide/snapshot.html

exports[`klayr-utils > getAccount > should generate account from passphrase 1`] = `
{
  "address": "klykjurzk3xb47scma49ukyqupn8vrg2ggyuehk5j",
  "addressHex": "a721205101325db197296c291ac08778a5fc7ff1",
  "addressHexBinary": {
    "data": [
      167,
      33,
      32,
      81,
      1,
      50,
      93,
      177,
      151,
      41,
      108,
      41,
      26,
      192,
      135,
      120,
      165,
      252,
      127,
      241,
    ],
    "type": "Buffer",
  },
  "addressLegacy": "cryptography.getLegacyAddressFromPublicKey(bytesToHex(keyPair.publicKey))",
  "keyPair": {
    "publicKey": {
      "data": [
        50,
        235,
        138,
        255,
        40,
        214,
        53,
        186,
        3,
        178,
        187,
        108,
        199,
        133,
        7,
        44,
        12,
        1,
        18,
        58,
        36,
        245,
        110,
        88,
        15,
        249,
        199,
        50,
        6,
        17,
        241,
        29,
      ],
      "type": "Buffer",
    },
    "secretKey": {
      "data": [
        252,
        163,
        131,
        181,
        56,
        88,
        159,
        151,
        39,
        66,
        203,
        135,
        3,
        62,
        247,
        137,
        79,
        255,
        122,
        123,
        109,
        82,
        199,
        75,
        221,
        247,
        228,
        247,
        248,
        102,
        10,
        13,
        50,
        235,
        138,
        255,
        40,
        214,
        53,
        186,
        3,
        178,
        187,
        108,
        199,
        133,
        7,
        44,
        12,
        1,
        18,
        58,
        36,
        245,
        110,
        88,
        15,
        249,
        199,
        50,
        6,
        17,
        241,
        29,
      ],
      "type": "Buffer",
    },
  },
  "network": {
    "name": "Klayr",
    "port": 8000,
    "unit": "KLY",
    "wsPort": 8001,
  },
}
`;
