// Vitest Snapshot v1, https://vitest.dev/guide/snapshot.html

exports[`AChat.vue > renders the correct markup 1`] = `
<div
  class="a-chat"
  data-v-f44da01d=""
>
  <div
    class="a-chat__content"
    data-v-f44da01d=""
  >
    
    
    <v-divider
      data-v-f44da01d=""
    />
    <div
      class="a-chat__body"
      data-v-f44da01d=""
    >
      <div
        class="a-chat__spinner-wrapper"
        data-v-f44da01d=""
        style="top: 36px; display: none;"
      >
        <v-progress-circular
          class="a-chat__spinner"
          data-v-f44da01d=""
          indeterminate=""
          size="32"
        />
      </div>
      <div
        class="a-chat__body-messages"
        data-v-f44da01d=""
      >
        <div
          data-v-f44da01d=""
        >
          
          
        </div>
        
        
      </div>
      <div
        class="a-chat__fab"
        data-v-f44da01d=""
      >
        
        
      </div>
    </div>
    
    
  </div>
  <!--v-if-->
</div>
`;
