// Jest Snapshot v1, https://goo.gl/fbAQLP

exports[`AppToolbar.vue renders the correct markup 1`] = `
<v-toolbar-stub
  app=""
  extensionheight="48"
  height="64"
  src=""
  tag="header"
>
  <v-btn-stub
    activeclass=""
    icon="true"
    tag="button"
    type="button"
  >
    <v-icon-stub>
      mdi-arrow-left
    </v-icon-stub>
  </v-btn-stub>
   
  <!---->
</v-toolbar-stub>
`;
