// Jest Snapshot v1, https://goo.gl/fbAQLP

exports[`ChatPreview.vue renders the correct markup 1`] = `
<v-list-tile-stub
  activeclass="primary--text"
  class="chat-preview"
>
  <v-list-tile-avatar-stub
    size="40"
  >
    <chat-avatar-stub
      size="40"
      usepublickey="true"
      userid="U123456"
    />
     
    <v-badge-stub
      color="primary"
      overlap="true"
      transition="fab-transition"
      value="true"
    >
      <!---->
    </v-badge-stub>
  </v-list-tile-avatar-stub>
   
  <v-list-tile-content-stub>
    <v-list-tile-title-stub>
      Rick
    </v-list-tile-title-stub>
     
    <v-list-tile-sub-title-stub>
      you are death if you touch me
    </v-list-tile-sub-title-stub>
  </v-list-tile-content-stub>
   
  <div
    class="chat-preview__date"
  >
    
    Jan 01, 1970, 02:00
  
  </div>
</v-list-tile-stub>
`;
