// Jest Snapshot v1, https://goo.gl/fbAQLP

exports[`ChatStartDialog.vue renders the correct markup 1`] = `
<v-dialog-stub
  class="chat-start-dialog"
  maxwidth="none"
  origin="center center"
  transition="dialog-transition"
  width="500"
>
  <v-card-stub>
    <v-card-title-stub
      class="a-text-header"
    >
      
      Start a new chat
    
    </v-card-title-stub>
     
    <v-divider-stub
      class="a-divider"
    />
     
    <v-layout-stub
      align-center=""
      class="pa-3"
      justify-center=""
      row=""
      tag="div"
      wrap=""
    >
      <v-text-field-stub
        class="a-input"
        label="Partner's address"
        title="Partner's ADM address like U1234567890987654321"
      />
       
      <v-btn-stub
        activeclass="v-btn--active"
        class="chat-start-dialog__btn-scan ml-3 mr-0"
        flat="true"
        icon="true"
        tag="button"
        type="button"
      >
        <icon-stub
          height="24"
          shaperendering="auto"
          viewbox="0 0 512 512"
          width="24"
        >
          <qr-code-scan-icon-stub />
        </icon-stub>
      </v-btn-stub>
       
      <v-flex-stub
        class="text-xs-center"
        tag="div"
        xs12=""
      >
        <v-btn-stub
          activeclass="v-btn--active"
          class="chat-start-dialog__btn-start-chat a-btn-primary"
          tag="button"
          type="button"
        >
          
          Start a chat
        
        </v-btn-stub>
      </v-flex-stub>
       
      <v-flex-stub
        class="chat-start-dialog__btn-show-qrcode"
        tag="div"
        xs12=""
      >
        <a
          class="a-text-active"
        >
          
          Show my QR code
        
        </a>
      </v-flex-stub>
    </v-layout-stub>
  </v-card-stub>
   
  <!---->
   
  <qrcode-renderer-dialog-stub
    logo="true"
    text=""
  />
</v-dialog-stub>
`;
