// Jest Snapshot v1, https://goo.gl/fbAQLP

exports[`ChatPreview.vue renders the correct markup 1`] = `
<vlisttile-stub
  activeclass="primary--text"
  class="chat-preview"
>
  <vlisttileavatar-stub
    size="40"
  >
    <canvas
      height="40"
      width="40"
    >
      
      Canvas API is not supported
    
    </canvas>
     
    <vbadge-stub
      color="primary"
      overlap="true"
      transition="fab-transition"
      value="true"
    >
      <!---->
    </vbadge-stub>
  </vlisttileavatar-stub>
   
  <vlisttilecontent-stub>
    <vlisttiletitle-stub>
      Rick
    </vlisttiletitle-stub>
     
    <vlisttilesubtitle-stub>
      you are death if you touch me
    </vlisttilesubtitle-stub>
  </vlisttilecontent-stub>
   
  <vlisttileaction-stub
    class="chat-preview__date"
  >
    
    Sep 2, 20:00
  
  </vlisttileaction-stub>
</vlisttile-stub>
`;
