// Jest Snapshot v1, https://goo.gl/fbAQLP

exports[`ChatStartDialog.vue renders the correct markup 1`] = `
<v-dialog-stub
  class="chat-start-dialog"
  contentclass=""
  maxwidth="none"
  origin="center center"
  transition="dialog-transition"
  value="true"
  width="500"
>
  <v-card-stub
    tag="div"
  >
    <v-card-title-stub
      class="a-text-header"
    >
      
      Start a new chat
    
    </v-card-title-stub>
     
    <v-divider-stub
      class="a-divider"
    />
     
    <v-layout-stub
      align-center=""
      class="pa-3"
      justify-center=""
      row=""
      tag="div"
      wrap=""
    >
      <v-text-field-stub
        class="a-input"
        label="Partner's address"
        title="Partner's ADM address like U1234567890987654321 or Share link"
        value=""
      >
        <template>
          <v-menu-stub
            closedelay="0"
            closeonclick="true"
            closeoncontentclick="true"
            contentclass=""
            left="true"
            maxheight="auto"
            maxwidth="auto"
            nudgebottom="0"
            nudgeleft="0"
            nudgeright="0"
            nudgetop="0"
            nudgewidth="0"
            offsetoverflow="true"
            opendelay="0"
            openonclick="true"
            origin="top left"
            transition="v-menu-transition"
          >
            <v-icon-stub>
              
              mdi-dots-vertical
            
            </v-icon-stub>
             
            <v-list-stub>
              <v-list-tile-stub
                activeclass="primary--text"
              >
                <v-list-tile-title-stub>
                  Scan QR with camera
                </v-list-tile-title-stub>
              </v-list-tile-stub>
               
              <v-list-tile-stub
                activeclass="primary--text"
                class="v-list__tile--link"
              >
                <v-list-tile-title-stub>
                  <qrcode-capture-stub>
                    <span>
                      Read QR from image
                    </span>
                  </qrcode-capture-stub>
                </v-list-tile-title-stub>
              </v-list-tile-stub>
            </v-list-stub>
          </v-menu-stub>
        </template>
      </v-text-field-stub>
       
      <v-flex-stub
        class="text-xs-center"
        tag="div"
        xs12=""
      >
        <v-btn-stub
          activeclass="v-btn--active"
          class="chat-start-dialog__btn-start-chat a-btn-primary"
          tag="button"
          type="button"
        >
          
          Start a chat
        
        </v-btn-stub>
      </v-flex-stub>
       
      <v-flex-stub
        class="chat-start-dialog__btn-show-qrcode"
        tag="div"
        xs12=""
      >
        <a
          class="a-text-active"
        >
          
          Show my QR code
        
        </a>
      </v-flex-stub>
    </v-layout-stub>
  </v-card-stub>
   
  <!---->
   
  <qrcode-renderer-dialog-stub
    logo="true"
    text="http://localhost?address=U123456"
  />
</v-dialog-stub>
`;
