// Vitest Snapshot v1, https://vitest.dev/guide/snapshot.html

exports[`LoginForm.vue > renders the correct markup 1`] = `
<v-form
  class="login-form"
  data-v-ba684ca4=""
>
  <!-- Hidden input with username to prevent Chrome warning in console -->
  <input
    autocomplete="username"
    class="login-form__username-input"
    data-v-ba684ca4=""
    name="username"
    type="text"
  />
  <v-row
    data-v-ba684ca4=""
    gap="0"
  >
    
    <!--     Todo: check src/components/PasswordSetDialog.vue component and consider the possibility to move common code to new component  -->
    <v-text-field
      autocomplete="current-password"
      class="login-form__textfield login-form__textfield--centered"
      data-v-ba684ca4=""
      label="Passphrase"
      modelvalue=""
      type="password"
      variant="underlined"
    />
    
    
    
  </v-row>
  <v-row
    align="center"
    class="login-form__submit-row"
    data-v-ba684ca4=""
    gap="0"
    justify="center"
  >
    
    <v-btn
      class="login-form__button a-btn-primary"
      data-v-ba684ca4=""
      type="submit"
    >
      <v-progress-circular
        class="login-form__submit-spinner"
        color="primary"
        data-v-ba684ca4=""
        indeterminate=""
        size="24"
        style="display: none;"
      />
       Login
    </v-btn>
    
  </v-row>
  <transition-stub
    appear="false"
    css="true"
    data-v-ba684ca4=""
    name="slide-fade"
    persisted="false"
  >
    <v-row
      data-v-ba684ca4=""
      gap="0"
      justify="center"
    >
      
      
    </v-row>
  </transition-stub>
</v-form>
`;
