// Jest Snapshot v1, https://goo.gl/fbAQLP

exports[`PassphraseGenerator.vue renders the correct markup 1`] = `
<div
  class="passphrase-generator"
>
  <div
    class="text-center"
  >
    <h3
      class="a-text-regular"
    >
      
      Or create a new anonymous address:
    
    </h3>
     
    <v-btn-stub
      activeclass=""
      class="a-btn-link mt-2"
      small="true"
      tag="button"
      text="true"
      type="button"
    >
      
      Create new
    
    </v-btn-stub>
  </div>
   
  <transition-stub
    name="slide-fade"
  >
    <!---->
  </transition-stub>
   
  <qrcoderendererdialog-stub
    text=""
  />
</div>
`;
