// Jest Snapshot v1, https://goo.gl/fbAQLP

exports[`PassphraseGenerator.vue renders the correct markup 1`] = `
<div
  class="passphrase-generator"
>
  <div
    class="text-xs-center"
  >
    <h3
      class="body-1"
    >
      Or create a new anonymous address:
    </h3>
     
    <v-btn-stub
      activeclass="v-btn--active"
      flat="true"
      tag="button"
      type="button"
    >
      
      Create new
    
    </v-btn-stub>
  </div>
   
  <!---->
</div>
`;
