// Vitest Snapshot v1, https://vitest.dev/guide/snapshot.html

exports[`QrcodeScannerDialog.vue > renders the correct markup 1`] = `
<v-dialog
  class="qrcode-scanner-dialog"
  data-v-c5e2af2c=""
  modelvalue="true"
  width="var(--a-secondary-dialog-width)"
>
  <v-card
    class="qrcode-scanner-dialog"
    data-v-c5e2af2c=""
  >
    <!-- Camera Waiting -->
    <v-row
      align="center"
      class="qrcode-scanner-dialog__status"
      data-v-c5e2af2c=""
      gap="0"
      justify="center"
    >
      <div
        class="qrcode-scanner-dialog__status-title"
        data-v-c5e2af2c=""
      >
        Waiting for camera…
      </div>
      <v-progress-circular
        class="qrcode-scanner-dialog__waiting-spinner"
        color="primary"
        data-v-c5e2af2c=""
        indeterminate=""
        size="32"
      />
    </v-row>
    <!-- Camera Active -->
    <v-row
      data-v-c5e2af2c=""
      gap="0"
      style="display: none;"
    >
      <v-col
        cols="12"
        data-v-c5e2af2c=""
      >
        <div
          class="qrcode-scanner-dialog__camera"
          data-v-c5e2af2c=""
        >
          <video
            data-v-c5e2af2c=""
          />
          <!--v-if-->
        </div>
      </v-col>
      <v-col
        class="qrcode-scanner-dialog__hint"
        cols="12"
        data-v-c5e2af2c=""
      >
        <h3
          class="qrcode-scanner-dialog__hint-title"
          data-v-c5e2af2c=""
        >
          Hold steady for 2—3 seconds to scan QR code
        </h3>
      </v-col>
    </v-row>
    <!-- No Camera || No access || No stream -->
    <!--v-if-->
    <v-divider
      class="a-divider"
      data-v-c5e2af2c=""
    />
    <v-card-actions
      class="qrcode-scanner-dialog__dialog-actions"
      data-v-c5e2af2c=""
    >
      <v-spacer
        data-v-c5e2af2c=""
      />
      <v-btn
        class="a-btn-regular"
        data-v-c5e2af2c=""
        variant="text"
      >
        Close
      </v-btn>
    </v-card-actions>
  </v-card>
</v-dialog>
`;
