// Jest Snapshot v1, https://goo.gl/fbAQLP

exports[`QrcodeScannerDialog.vue renders the correct markup 1`] = `
<v-dialog-stub
  class="qrcode-scanner-dialog"
  closedelay="0"
  contentclass=""
  opendelay="0"
  openonclick="true"
  origin="center center"
  retainfocus="true"
  transition="dialog-transition"
  value="true"
  width="500"
>
  <v-card-stub
    class="qrcode-scanner-dialog"
    loaderheight="4"
    tag="div"
  >
    <v-row-stub
      align="center"
      class="pa-8"
      justify="center"
      nogutters="true"
      tag="div"
    >
      <div
        class="a-text-header"
      >
        
        Waiting for camera…
      
      </div>
       
      <v-progress-circular-stub
        class="ml-4"
        color="primary"
        indeterminate="true"
        rotate="0"
        size="32"
        value="0"
        width="4"
      />
    </v-row-stub>
     
    <v-row-stub
      nogutters="true"
      style="display: none;"
      tag="div"
    >
      <v-col-stub
        cols="12"
        tag="div"
      >
        <div
          class="qrcode-scanner-dialog__camera"
        >
          <video />
           
          <!---->
        </div>
      </v-col-stub>
       
      <v-col-stub
        class="pa-6"
        cols="12"
        tag="div"
      >
        <h3
          class="a-text-regular text-center"
        >
          
          Hold your device steady for 2-3 seconds to scan the QR code
        
        </h3>
      </v-col-stub>
    </v-row-stub>
     
    <!---->
     
    <v-divider-stub
      class="a-divider"
    />
     
    <v-card-actions-stub
      tag="div"
    >
      <v-spacer-stub
        tag="div"
      />
       
      <v-btn-stub
        activeclass=""
        class="a-btn-regular"
        tag="button"
        text="true"
        type="button"
      >
        
        Close
      
      </v-btn-stub>
    </v-card-actions-stub>
  </v-card-stub>
</v-dialog-stub>
`;
