// Jest Snapshot v1, https://goo.gl/fbAQLP

exports[`SendFundsForm renders the correct markup 1`] = `
<div
  class="send-funds-form"
>
  <v-form-stub
    class="send-funds-form"
    value="true"
  >
    <v-select-stub
      items="ADM,ETH,BNB,DOGE,BZ"
    />
     
    <v-text-field-stub
      rules="v => !!v || this.$t('transfer.error_field_is_required'),v => _get__(\\"validateAddress\\")(this.currency, v) || this.$t('transfer.error_incorrect_address', {
          crypto: this.currency
        })"
      type="text"
    >
      <template>
        <span
          class="font-weight-medium"
        >
          
          Recipient address
        
        </span>
      </template>
    </v-text-field-stub>
     
    <v-text-field-stub
      rules="v => !!v || this.$t('transfer.error_field_is_required'),v => v > 0 || this.$t('transfer.error_incorrect_amount'),v => this.finalAmount <= this.balance || this.$t('transfer.error_not_enough'),v => this.validateNaturalUnits(v, this.currency) || this.$t('transfer.error_natural_units')"
      type="number"
    >
      <template>
        <span
          class="font-weight-medium"
        >
          Amount
        </span>
         
        <span
          class="body-1"
        >
          
          (max: 9999.5 ADM)
        
        </span>
      </template>
    </v-text-field-stub>
     
    <v-text-field-stub
      disabled=""
      label="Transfer fee"
      value="0.5 ADM"
    />
     
    <v-text-field-stub
      disabled=""
      label="Amount including transfer fee"
      value="0.5 ADM"
    />
     
    <!---->
     
    <div
      class="text-xs-center"
    >
      <v-btn-stub
        activeclass="v-btn--active"
        disabled="true"
        tag="button"
        type="button"
      >
        <v-progress-circular-stub
          class="mr-3"
          color="primary"
          indeterminate="true"
          rotate="0"
          size="24"
          style="display: none;"
          value="0"
          width="4"
        />
        
        Send
      
      </v-btn-stub>
    </div>
  </v-form-stub>
   
  <v-dialog-stub
    maxwidth="none"
    origin="center center"
    transition="dialog-transition"
    width="500"
  >
    <v-card-stub
      elevation="2"
    >
      <v-card-title-stub
        class="headline"
      >
        Transfer confirmation
      </v-card-title-stub>
       
      <v-card-text-stub />
       
      <v-card-actions-stub>
        <v-spacer-stub />
         
        <v-btn-stub
          activeclass="v-btn--active"
          flat="true"
          tag="button"
          type="button"
        >
          
          Cancel
        
        </v-btn-stub>
         
        <v-btn-stub
          activeclass="v-btn--active"
          tag="button"
          type="button"
        >
          
          Confirm
        
        </v-btn-stub>
      </v-card-actions-stub>
    </v-card-stub>
  </v-dialog-stub>
</div>
`;
