// Jest Snapshot v1, https://goo.gl/fbAQLP

exports[`TransactionListItem renders the correct markup 1`] = `
<vlisttile-stub
  activeclass="primary--text"
  avatar="true"
>
  <vlisttileavatar-stub
    size="40"
  >
    <vicon-stub>
      mdi-airplane-takeoff
    </vicon-stub>
  </vlisttileavatar-stub>
   
  <vlisttilecontent-stub>
    <vlisttiletitle-stub>
      
      Rick
      
      <span
        class="body-1 grey--text text--darken-1"
      >
        (U654321)
      </span>
    </vlisttiletitle-stub>
     
    <vlisttilesubtitle-stub>
      <vlayout-stub
        tag="div"
      >
        
        1 ADM
        
        <vspacer-stub />
        
        Nov 14, 16:51
      
      </vlayout-stub>
    </vlisttilesubtitle-stub>
  </vlisttilecontent-stub>
   
  <!---->
</vlisttile-stub>
`;
